inhibitor : negatively perturbs
antagonist : negatively perturbs
unknown : perturbs
agonist : positively perturbs
potentiator : positively perturbs
cofactor : perturbs
other/unknown : perturbs
binder : perturbs
inducer : positively perturbs
other : perturbs
partial agonist : positively perturbs
activator : positively perturbs
allosteric modulator : perturbs
negative modulator : negatively perturbs
cross-linking/alkylation : negatively perturbs
intercalation : negatively perturbs
adduct : negatively perturbs
chelator : negatively perturbs
antibody : negatively perturbs
ligand : positively perturbs
multitarget : perturbs
incorporation into and destabilization : negatively perturbs
modulator : perturbs
cleavage : negatively perturbs
inverse agonist : negatively perturbs
stimulator : positively perturbs
suppressor : negatively perturbs
partial antagonist : perturbs
reducer : negatively perturbs
inhibitory allosteric modulator : negatively perturbs
Binder : perturbs
inhibitor, competitive : negatively perturbs
